// Jest Snapshot v1, https://goo.gl/fbAQLP

exports[`/Users/lee/github.com/onivoro/onivoro/libs/isomorphic-common/src/lib/functions/convert-object-to-literal.function.spec.ts converts an object to a string 1`] = `"qty=337 AND price=100 AND product=flux-capacitor"`;
