// Jest Snapshot v1, https://goo.gl/fbAQLP

exports[`fromCalendarDate GIVEN input is partial or full ISO8601 "2023-12-23" 1`] = `2023-12-22T12:00:00.000Z`;
