// Jest Snapshot v1, https://goo.gl/fbAQLP

exports[`subtractOffset GIVEN input is partial or full ISO8601 "2023-12-23" 1`] = `2023-12-22T18:00:00.000Z`;

exports[`subtractOffset GIVEN input is partial or full ISO8601 "2023-12-23T00:00:00.000" 1`] = `2023-12-23T00:00:00.000Z`;
