// Jest Snapshot v1, https://goo.gl/fbAQLP

exports[`toDollarsAndCents worx 1`] = `"three hundred thirty-seven dollars and thirty-three cents"`;
